<html>
<body>
<pre>
<h1>µVision Build Log</h1>
<h2>Tool Versions:</h2>
IDE-Version: ¦ÌVision V5.25.2.0
Copyright (C) 2018 ARM Ltd and ARM Germany GmbH. All rights reserved.
License Information: Bertsin xixiboliya, Tsinghua_University, LIC=QF82M-XGQ1M-III5V-PHM72-SE4BD-AMHKU
 
Tool Versions:
Toolchain:       MDK-ARM Plus  Version: 5.25.2.0
Toolchain Path:  E:\Keil_5.25\ARM\ARMCC\Bin
C Compiler:      Armcc.exe V5.06 update 6 (build 750)
Assembler:       Armasm.exe V5.06 update 6 (build 750)
Linker/Locator:  ArmLink.exe V5.06 update 6 (build 750)
Library Manager: ArmAr.exe V5.06 update 6 (build 750)
Hex Converter:   FromElf.exe V5.06 update 6 (build 750)
CPU DLL:         SARMCM3.DLL V5.25.2.0
Dialog DLL:      TARMSTM.DLL  V1.66.0.0
Target DLL:      Segger\JL2CM3.dll V2.99.29.0
Dialog DLL:      TARMSTM.DLL  V1.66.0.0
 
<h2>Project:</h2>
E:\git_jingzou_share\USER\Template.uvprojx
Project File Date:  05/23/2024

<h2>Output:</h2>
*** Using Compiler 'V5.06 update 6 (build 750)', folder: 'E:\Keil_5.25\ARM\ARMCC\Bin'
Rebuild target 'aTemplate'
compiling stm32f10x_dac.c...
assembling startup_stm32f10x_hd.s...
compiling stm32f10x_adc.c...
compiling system_stm32f10x.c...
compiling misc.c...
compiling stm32f10x_cec.c...
compiling stm32f10x_dbgmcu.c...
compiling stm32f10x_bkp.c...
compiling stm32f10x_it.c...
compiling stm32f10x_exti.c...
compiling core_cm3.c...
compiling main.c...
..\HARDWARE\jingzou\jingzou.h(51): warning:  #1-D: last line of file ends without a newline
  void zuozhuan1031_rubbish(void);
main.c(34): warning:  #223-D: function "Uart3_init" declared implicitly
  	Uart3_init(9600);
main.c(47): warning:  #223-D: function "zouluend" declared implicitly
  			zouluend();
main.c: 3 warnings, 0 errors
compiling stm32f10x_crc.c...
compiling stm32f10x_dma.c...
compiling stm32f10x_can.c...
compiling stm32f10x_flash.c...
compiling stm32f10x_gpio.c...
compiling stm32f10x_i2c.c...
compiling stm32f10x_fsmc.c...
compiling stm32f10x_iwdg.c...
compiling stm32f10x_pwr.c...
compiling stm32f10x_rtc.c...
compiling stm32f10x_rcc.c...
compiling stm32f10x_sdio.c...
compiling stm32f10x_spi.c...
compiling delay.c...
compiling stm32f10x_wwdg.c...
compiling stm32f10x_usart.c...
compiling stm32f10x_tim.c...
compiling uart.c...
compiling sys.c...
compiling LED.c...
compiling LobotSerialServo.c...
compiling key.c...
compiling exit.c...
compiling pwm.c...
compiling dance.c...
..\HARDWARE\DANCE\dance.c(101): warning:  #223-D: function "servo_angle1" declared implicitly
  servo_angle1(90);
..\HARDWARE\DANCE\dance.c(102): warning:  #223-D: function "servo_angle2" declared implicitly
  servo_angle2(90);
..\HARDWARE\DANCE\dance.c(103): warning:  #223-D: function "servo_angle3" declared implicitly
  servo_angle3(90);
..\HARDWARE\DANCE\dance.c(104): warning:  #223-D: function "servo_angle4" declared implicitly
  servo_angle4(90);
..\HARDWARE\DANCE\dance.c(105): warning:  #223-D: function "servo_angle5" declared implicitly
  servo_angle5(90);
..\HARDWARE\DANCE\dance.c(2596): warning:  #223-D: function "servo_angle1" declared implicitly
  servo_angle1(90);
..\HARDWARE\DANCE\dance.c(2597): warning:  #223-D: function "servo_angle2" declared implicitly
  servo_angle2(90);
..\HARDWARE\DANCE\dance.c(2598): warning:  #223-D: function "servo_angle3" declared implicitly
  servo_angle3(90);
..\HARDWARE\DANCE\dance.c(2599): warning:  #223-D: function "servo_angle4" declared implicitly
  servo_angle4(90);
..\HARDWARE\DANCE\dance.c(2600): warning:  #223-D: function "servo_angle5" declared implicitly
  servo_angle5(90);
..\HARDWARE\DANCE\dance.c: 10 warnings, 0 errors
compiling Bluetooth.c...
..\HARDWARE\jingzou\jingzou.h(51): warning:  #1-D: last line of file ends without a newline
  void zuozhuan1031_rubbish(void);
..\HARDWARE\Bluetooth\Bluetooth.c: 1 warning, 0 errors
compiling Uart4.c...
..\HARDWARE\jingzou\jingzou.h(51): warning:  #1-D: last line of file ends without a newline
  void zuozhuan1031_rubbish(void);
..\HARDWARE\Uart4\Uart4.c(134): warning:  #1-D: last line of file ends without a newline
  }
..\HARDWARE\Uart4\Uart4.c: 2 warnings, 0 errors
compiling Usart3.c...
..\HARDWARE\jingzou\jingzou.h(51): warning:  #1-D: last line of file ends without a newline
  void zuozhuan1031_rubbish(void);
..\HARDWARE\Usart3\Usart3.c: 1 warning, 0 errors
compiling jingzou.c...
..\HARDWARE\jingzou\jingzou.h(51): warning:  #1-D: last line of file ends without a newline
  void zuozhuan1031_rubbish(void);
..\HARDWARE\jingzou\jingzou.c(2552): warning:  #1-D: last line of file ends without a newline
  }
..\HARDWARE\jingzou\jingzou.c: 2 warnings, 0 errors
linking...
Program Size: Code=63236 RO-data=336 RW-data=80 ZI-data=1664  
FromELF: creating hex file...
"..\OBJ\Template.axf" - 0 Error(s), 19 Warning(s).

<h2>Software Packages used:</h2>

Package Vendor: Keil
                http://www.keil.com/pack/Keil.STM32F1xx_DFP.2.4.0.pack
                Keil.STM32F1xx_DFP.2.4.0
                STMicroelectronics STM32F1 Series Device Support, Drivers and Examples

<h2>Collection of Component include folders:</h2>
  .\RTE\_aTemplate
  E:\Keil_5.25\ARM\PACK\Keil\STM32F1xx_DFP\2.4.0\Device\Include

<h2>Collection of Component Files used:</h2>
Build Time Elapsed:  00:00:03
</pre>
</body>
</html>
